// Jest Snapshot v1, https://goo.gl/fbAQLP

exports[`Render App 1`] = `
<Main
  films={
    Array [
      Object {
        "backgroundImage": "bg-the-grand-budapest-hotel.jpg",
        "comments": Array [
          Object {
            "author": "Kate Muir",
            "date": "December 24, 2016",
            "id": 0,
            "rating": "8,9",
            "text": "Discerning travellers and Wes Anderson fans will luxuriate in the glorious Mittel-European kitsch of one of the director's funniest and most exquisitely designed movies in years.",
          },
          Object {
            "author": "Bill Goodykoontz",
            "date": "November 18, 2015",
            "id": 1,
            "rating": "8,0",
            "text": "Andersons films are too precious for some, but for those of us willing to
        lose ourselves in them, theyre a delight. The Grand Budapest Hotel is no different, except that he
        has added a hint of gravitas to the mix, improving the recipe.",
          },
        ],
        "description": "In the 1930s, the Grand Budapest Hotel is a popular European ski resort, presided over by concierge Gustave H. (Ralph Fiennes). Zero, a junior lobby boy, becomes Gustave's friend and protege. Gustave prides himself on providing first-class service to the hotel's guests, including satisfying the sexual needs of the many elderly women who stay there. When one of Gustave's lovers dies mysteriously, Gustave finds himself the recipient of a priceless painting and the chief suspect in her murder.",
        "director": "Wes Andreson",
        "genre": "Drama",
        "id": 0,
        "posterImage": "the-grand-budapest-hotel-poster.jpg",
        "previewImage": "fantastic-beasts-the-crimes-of-grindelwald.jpg",
        "previewSrc": "https://upload.wikimedia.org/wikipedia/commons/transcoded/b/b3/Big_Buck_Bunny_Trailer_400p.ogv/Big_Buck_Bunny_Trailer_400p.ogv.360p.webm",
        "ratingCount": 240,
        "ratingScore": 8.9,
        "releaseDate": 2014,
        "runTime": 20,
        "starring": Array [
          "Bill Murray",
          "Edward Norton",
          "Jude Law",
          "Willem Dafoe",
        ],
        "title": "The Grand Budapest Hotel",
      },
      Object {
        "backgroundImage": "bg-the-grand-budapest-hotel.jpg",
        "comments": Array [
          Object {
            "author": "Amanda Greever",
            "date": "November 18, 2015",
            "id": 0,
            "rating": "8,0",
            "text": "I didnt find it amusing, and while I can appreciate the creativity, its an
        hour and 40 minutes I wish I could take back.",
          },
        ],
        "description": "Lorem ipsum dolor sit amet, consectetur adipiscing elit.",
        "director": "director2",
        "genre": "Comedy",
        "id": 1,
        "posterImage": "the-grand-budapest-hotel-poster.jpg",
        "previewImage": "fantastic-beasts-the-crimes-of-grindelwald.jpg",
        "previewSrc": "https://upload.wikimedia.org/wikipedia/commons/transcoded/b/b3/Big_Buck_Bunny_Trailer_400p.ogv/Big_Buck_Bunny_Trailer_400p.ogv.360p.webm",
        "ratingCount": 1240,
        "ratingScore": 8,
        "releaseDate": 2011,
        "runTime": 30,
        "starring": Array [
          "actor",
          "Edward Norton",
          "Jude Law",
          "Willem Dafoe",
        ],
        "title": "Bohemian Rhapsody",
      },
    ]
  }
  onCardClick={[Function]}
  promoFilm={
    Object {
      "filmGenre": "Adventure",
      "filmName": "The Wizard of Oz",
      "filmYear": 1939,
    }
  }
/>
`;
